Testing makeTensor requirement...
  Required signature: makeTensor : List Double -> Shape -> IO (1 t : Tensor)
  Current: empty : IO Tensor (placeholder)
  Created empty tensor
  Dimensionality: 1
  NOTE: Full makeTensor needs at_tensor_of_data buffer setup
PASS: Tensor creation pattern demonstrated
